
> gestionar@0.1.0 build
> next build

Ôû▓ Next.js 16.1.1 (Turbopack)
- Environments: .env

  Creating an optimized production build ...
Ô£ô Compiled successfully in 11.1s
  Running TypeScript ...
  Collecting page data using 7 workers ...
  Generating static pages using 7 workers (0/13) ...
  Generating static pages using 7 workers (3/13) 
  Generating static pages using 7 workers (6/13) 
node.exe : Ô¿» useSearchParams() should be wrapped in a suspense 
boundary at page "/promociones". Read more: 
https://nextjs.org/docs/messages/missing-suspense-with-csr-bailout
En línea: 1 Carácter: 1
+ & "C:\Program Files\nodejs/node.exe" "C:\Program Files\nodejs/node_mo 
...
+ ~~~~~~~~~~~~~~~~~~~~~~~~~~~~~~~~~~~~~~~~~~~~~~~~~~~~~~~~~~~~~~~~~~~~~
    + CategoryInfo          : NotSpecified: (Ô¿» useSearchPa...ith-csr-b 
   ailout:String) [], RemoteException
    + FullyQualifiedErrorId : NativeCommandError
 
    at Q (C:\Users\facun\OneDrive\Desktop\GestionAR\.next\server\chunks\s
sr\node_modules_next_920e7746._.js:2:2111)
    at o (C:\Users\facun\OneDrive\Desktop\GestionAR\.next\server\chunks\s
sr\node_modules_next_920e7746._.js:4:5284)
    at k (C:\Users\facun\OneDrive\Desktop\GestionAR\.next\server\chunks\s
sr\_322445d0._.js:1:9773)
    at an (C:\Users\facun\OneDrive\Desktop\GestionAR\node_modules\next\di
st\compiled\next-server\app-page-turbo.runtime.prod.js:2:84360)
    at ai (C:\Users\facun\OneDrive\Desktop\GestionAR\node_modules\next\di
st\compiled\next-server\app-page-turbo.runtime.prod.js:2:86179)
    at al (C:\Users\facun\OneDrive\Desktop\GestionAR\node_modules\next\di
st\compiled\next-server\app-page-turbo.runtime.prod.js:2:107953)
    at as (C:\Users\facun\OneDrive\Desktop\GestionAR\node_modules\next\di
st\compiled\next-server\app-page-turbo.runtime.prod.js:2:105368)
    at aa (C:\Users\facun\OneDrive\Desktop\GestionAR\node_modules\next\di
st\compiled\next-server\app-page-turbo.runtime.prod.js:2:84712)
    at ai (C:\Users\facun\OneDrive\Desktop\GestionAR\node_modules\next\di
st\compiled\next-server\app-page-turbo.runtime.prod.js:2:86228)
    at ai (C:\Users\facun\OneDrive\Desktop\GestionAR\node_modules\next\di
st\compiled\next-server\app-page-turbo.runtime.prod.js:2:104708)
Error occurred prerendering page "/promociones". Read more: 
https://nextjs.org/docs/messages/prerender-error
Export encountered an error on /promociones/page: /promociones, exiting 
the build.
Ô¿» Next.js build worker exited with code: 1 and signal: null
